Archive member included to satisfy reference by file (symbol)

c:/program files/microchip/xc8/v3.10/avr/bin/../lib/gcc/avr/5.4.0/../../../../avr/lib/avrtiny\libc.a(exit.o)
                              C:/Program Files/Microchip/MPLABX/v6.25/packs/Microchip/ATtiny_DFP/3.2.268/xc8/avr/lib/avrtiny/crtattiny5.o (exit)
c:/program files/microchip/xc8/v3.10/avr/bin/../lib/gcc/avr/5.4.0/../../../../avr/lib/avrtiny\libc.a(_Exit.o)
                              c:/program files/microchip/xc8/v3.10/avr/bin/../lib/gcc/avr/5.4.0/../../../../avr/lib/avrtiny\libc.a(exit.o) (_Exit)
c:/program files/microchip/xc8/v3.10/avr/bin/../lib/gcc/avr/5.4.0/avrtiny\libgcc.a(_exit.o)
                              c:/program files/microchip/xc8/v3.10/avr/bin/../lib/gcc/avr/5.4.0/../../../../avr/lib/avrtiny\libc.a(_Exit.o) (_exit)

Discarded input sections

 .data          0x0000000000000000        0x0 C:/Program Files/Microchip/MPLABX/v6.25/packs/Microchip/ATtiny_DFP/3.2.268/xc8/avr/lib/avrtiny/crtattiny5.o
 .bss           0x0000000000000000        0x0 C:/Program Files/Microchip/MPLABX/v6.25/packs/Microchip/ATtiny_DFP/3.2.268/xc8/avr/lib/avrtiny/crtattiny5.o
 .text          0x0000000000000000        0x0 build/default/production/_ext/1472/main.o
 .data          0x0000000000000000        0x0 build/default/production/_ext/1472/main.o
 .bss           0x0000000000000000        0x0 build/default/production/_ext/1472/main.o
 .text          0x0000000000000000        0x0 c:/program files/microchip/xc8/v3.10/avr/bin/../lib/gcc/avr/5.4.0/../../../../avr/lib/avrtiny\libc.a(exit.o)
 .data          0x0000000000000000        0x0 c:/program files/microchip/xc8/v3.10/avr/bin/../lib/gcc/avr/5.4.0/../../../../avr/lib/avrtiny\libc.a(exit.o)
 .bss           0x0000000000000000        0x0 c:/program files/microchip/xc8/v3.10/avr/bin/../lib/gcc/avr/5.4.0/../../../../avr/lib/avrtiny\libc.a(exit.o)
 .stack.descriptors
                0x0000000000000000       0x73 c:/program files/microchip/xc8/v3.10/avr/bin/../lib/gcc/avr/5.4.0/../../../../avr/lib/avrtiny\libc.a(exit.o)
 .text          0x0000000000000000        0x0 c:/program files/microchip/xc8/v3.10/avr/bin/../lib/gcc/avr/5.4.0/../../../../avr/lib/avrtiny\libc.a(_Exit.o)
 .data          0x0000000000000000        0x0 c:/program files/microchip/xc8/v3.10/avr/bin/../lib/gcc/avr/5.4.0/../../../../avr/lib/avrtiny\libc.a(_Exit.o)
 .bss           0x0000000000000000        0x0 c:/program files/microchip/xc8/v3.10/avr/bin/../lib/gcc/avr/5.4.0/../../../../avr/lib/avrtiny\libc.a(_Exit.o)
 .stack.descriptors
                0x0000000000000000       0x13 c:/program files/microchip/xc8/v3.10/avr/bin/../lib/gcc/avr/5.4.0/../../../../avr/lib/avrtiny\libc.a(_Exit.o)
 .text          0x0000000000000000        0x0 c:/program files/microchip/xc8/v3.10/avr/bin/../lib/gcc/avr/5.4.0/avrtiny\libgcc.a(_exit.o)
 .data          0x0000000000000000        0x0 c:/program files/microchip/xc8/v3.10/avr/bin/../lib/gcc/avr/5.4.0/avrtiny\libgcc.a(_exit.o)
 .bss           0x0000000000000000        0x0 c:/program files/microchip/xc8/v3.10/avr/bin/../lib/gcc/avr/5.4.0/avrtiny\libgcc.a(_exit.o)
 .text.libgcc.mul
                0x0000000000000000        0x0 c:/program files/microchip/xc8/v3.10/avr/bin/../lib/gcc/avr/5.4.0/avrtiny\libgcc.a(_exit.o)
 .text.libgcc.div
                0x0000000000000000        0x0 c:/program files/microchip/xc8/v3.10/avr/bin/../lib/gcc/avr/5.4.0/avrtiny\libgcc.a(_exit.o)
 .text.libgcc.prologue
                0x0000000000000000        0x0 c:/program files/microchip/xc8/v3.10/avr/bin/../lib/gcc/avr/5.4.0/avrtiny\libgcc.a(_exit.o)
 .stack.descriptors
                0x0000000000000000       0x13 c:/program files/microchip/xc8/v3.10/avr/bin/../lib/gcc/avr/5.4.0/avrtiny\libgcc.a(_exit.o)
 .text.libgcc   0x0000000000000000        0x0 c:/program files/microchip/xc8/v3.10/avr/bin/../lib/gcc/avr/5.4.0/avrtiny\libgcc.a(_exit.o)
 .text.libgcc.builtins
                0x0000000000000000        0x0 c:/program files/microchip/xc8/v3.10/avr/bin/../lib/gcc/avr/5.4.0/avrtiny\libgcc.a(_exit.o)
 .text.libgcc.fmul
                0x0000000000000000        0x0 c:/program files/microchip/xc8/v3.10/avr/bin/../lib/gcc/avr/5.4.0/avrtiny\libgcc.a(_exit.o)
 .text.libgcc.fixed
                0x0000000000000000        0x0 c:/program files/microchip/xc8/v3.10/avr/bin/../lib/gcc/avr/5.4.0/avrtiny\libgcc.a(_exit.o)

Memory Configuration

Name             Origin             Length             Attributes
text             0x0000000000000000 0x0000000000000200 xr
data             0x0000000000800040 0x0000000000000020 rw !x
config           0x0000000000820000 0x0000000000000001 rw !x
lock             0x0000000000830000 0x0000000000000002 rw !x
signature        0x0000000000840000 0x0000000000000004 rw !x
bootrow          0x0000000000860000 0x0000000000000400 rw !x
*default*        0x0000000000000000 0xffffffffffffffff

Linker script and memory map

                0x0000000000004000                __RODATA_PM_OFFSET__ = 0x4000
LOAD C:/Program Files/Microchip/MPLABX/v6.25/packs/Microchip/ATtiny_DFP/3.2.268/xc8/avr/lib/avrtiny/crtattiny5.o
                0x0000000000000001                __MPLAB_BUILD = 0x1
LOAD build/default/production/_ext/1472/main.o
START GROUP
LOAD c:/program files/microchip/xc8/v3.10/avr/bin/../lib/gcc/avr/5.4.0/../../../../avr/lib/avrtiny\libm.a
END GROUP
START GROUP
LOAD c:/program files/microchip/xc8/v3.10/avr/bin/../lib/gcc/avr/5.4.0/avrtiny\libgcc.a
LOAD c:/program files/microchip/xc8/v3.10/avr/bin/../lib/gcc/avr/5.4.0/../../../../avr/lib/avrtiny\libm.a
LOAD c:/program files/microchip/xc8/v3.10/avr/bin/../lib/gcc/avr/5.4.0/../../../../avr/lib/avrtiny\libc.a
LOAD C:/Program Files/Microchip/MPLABX/v6.25/packs/Microchip/ATtiny_DFP/3.2.268/xc8/avr/lib/avrtiny\libattiny5.a
END GROUP
                0x0000000000000000                __TEXT_REGION_ORIGIN__ = DEFINED (__TEXT_REGION_ORIGIN__)?__TEXT_REGION_ORIGIN__:0x0
                [0x0000000000800040]                __DATA_REGION_ORIGIN__ = DEFINED (__DATA_REGION_ORIGIN__)?__DATA_REGION_ORIGIN__:0x800040
                [0x0000000000000200]                __TEXT_REGION_LENGTH__ = DEFINED (__TEXT_REGION_LENGTH__)?__TEXT_REGION_LENGTH__:0x1000
                [0x0000000000000020]                __DATA_REGION_LENGTH__ = DEFINED (__DATA_REGION_LENGTH__)?__DATA_REGION_LENGTH__:0x100
                [0x0000000000000001]                __FUSE_REGION_LENGTH__ = DEFINED (__FUSE_REGION_LENGTH__)?__FUSE_REGION_LENGTH__:0x2
                0x0000000000000002                __LOCK_REGION_LENGTH__ = DEFINED (__LOCK_REGION_LENGTH__)?__LOCK_REGION_LENGTH__:0x2
                0x0000000000000004                __SIGNATURE_REGION_LENGTH__ = DEFINED (__SIGNATURE_REGION_LENGTH__)?__SIGNATURE_REGION_LENGTH__:0x4
                0x0000000000004000                __RODATA_PM_OFFSET__ = DEFINED (__RODATA_PM_OFFSET__)?__RODATA_PM_OFFSET__:0x4000
                0x0000000000000400                __BOOTROW_REGION_LENGTH__ = DEFINED (__BOOTROW_REGION_LENGTH__)?__BOOTROW_REGION_LENGTH__:0x400

.hash
 *(.hash)

.dynsym
 *(.dynsym)

.dynstr
 *(.dynstr)

.gnu.version
 *(.gnu.version)

.gnu.version_d
 *(.gnu.version_d)

.gnu.version_r
 *(.gnu.version_r)

.rel.init
 *(.rel.init)

.rela.init
 *(.rela.init)

.rel.text
 *(.rel.text)
 *(.rel.text.*)
 *(.rel.gnu.linkonce.t*)

.rela.text
 *(.rela.text)
 *(.rela.text.*)
 *(.rela.gnu.linkonce.t*)

.rel.fini
 *(.rel.fini)

.rela.fini
 *(.rela.fini)

.rel.rodata
 *(.rel.rodata)
 *(.rel.rodata.*)
 *(.rel.gnu.linkonce.r*)

.rela.rodata
 *(.rela.rodata)
 *(.rela.rodata.*)
 *(.rela.gnu.linkonce.r*)

.rel.data
 *(.rel.data)
 *(.rel.data.*)
 *(.rel.gnu.linkonce.d*)

.rela.data
 *(.rela.data)
 *(.rela.data.*)
 *(.rela.gnu.linkonce.d*)

.rel.ctors
 *(.rel.ctors)

.rela.ctors
 *(.rela.ctors)

.rel.dtors
 *(.rel.dtors)

.rela.dtors
 *(.rela.dtors)

.rel.got
 *(.rel.got)

.rela.got
 *(.rela.got)

.rel.bss
 *(.rel.bss)

.rela.bss
 *(.rela.bss)

.rel.plt
 *(.rel.plt)

.rela.plt
 *(.rela.plt)

.text           0x0000000000000000       0x2a
 *(.vectors)
 .vectors       0x0000000000000000       0x16 C:/Program Files/Microchip/MPLABX/v6.25/packs/Microchip/ATtiny_DFP/3.2.268/xc8/avr/lib/avrtiny/crtattiny5.o
                0x0000000000000000                __vector_default
                0x0000000000000000                __vectors
 *(.vectors)
 *(.progmem.gcc*)
 *(.dinit)
 .dinit         0x0000000000000016        0x0 data_init
                0x0000000000000016                . = ALIGN (0x2)
                0x0000000000000016                __trampolines_start = .
 *(.trampolines)
 .trampolines   0x0000000000000016        0x0 linker stubs
 *(.trampolines*)
                0x0000000000000016                __trampolines_end = .
 *libprintf_flt.a:*(.progmem.data)
 *libc.a:*(.progmem.data)
                0x0000000000000016                . = ALIGN (0x2)
 *(.jumptables)
 *(.jumptables*)
 *(.lowtext)
 *(.lowtext*)
                0x0000000000000016                __ctors_start = .
 *(.ctors)
                0x0000000000000016                __ctors_end = .
                0x0000000000000016                __dtors_start = .
 *(.dtors)
                0x0000000000000016                __dtors_end = .
 SORT(*)(.ctors)
 SORT(*)(.dtors)
 *(.init0)
 .init0         0x0000000000000016        0x0 C:/Program Files/Microchip/MPLABX/v6.25/packs/Microchip/ATtiny_DFP/3.2.268/xc8/avr/lib/avrtiny/crtattiny5.o
                0x0000000000000016                __init
 *(.init0)
 *(.init1)
 *(.init1)
 *(.init2)
 .init2         0x0000000000000016        0xc C:/Program Files/Microchip/MPLABX/v6.25/packs/Microchip/ATtiny_DFP/3.2.268/xc8/avr/lib/avrtiny/crtattiny5.o
 *(.init2)
 *(.init3)
 *(.init3)
 *(.init4)
 *(.init4)
 *(.init5)
 *(.init5)
 *(.init6)
 *(.init6)
 *(.init7)
 *(.init7)
 *(.init8)
 *(.init8)
 *(.init9)
 .init9         0x0000000000000022        0x4 C:/Program Files/Microchip/MPLABX/v6.25/packs/Microchip/ATtiny_DFP/3.2.268/xc8/avr/lib/avrtiny/crtattiny5.o
 *(.init9)
                0x0000000000000026                . = ALIGN (0x2)
 *(.fini9)
 .fini9         0x0000000000000026        0x0 c:/program files/microchip/xc8/v3.10/avr/bin/../lib/gcc/avr/5.4.0/avrtiny\libgcc.a(_exit.o)
                0x0000000000000026                _exit
 *(.fini9)
 *(.fini8)
 *(.fini8)
 *(.fini7)
 *(.fini7)
 *(.fini6)
 *(.fini6)
 *(.fini5)
 *(.fini5)
 *(.fini4)
 *(.fini4)
 *(.fini3)
 *(.fini3)
 *(.fini2)
 *(.fini2)
 *(.fini1)
 *(.fini1)
 *(.fini0)
 .fini0         0x0000000000000026        0x4 c:/program files/microchip/xc8/v3.10/avr/bin/../lib/gcc/avr/5.4.0/avrtiny\libgcc.a(_exit.o)
 *(.fini0)
                0x000000000000002a                _etext = .

.data           0x0000000000800040        0x0 load address 0x000000000000002a
                [!provide]                        PROVIDE (__data_start, .)
 *(.gnu.linkonce.d*)
                0x0000000000800040                . = ALIGN (0x2)
                0x0000000000800040                _edata = .
                [!provide]                        PROVIDE (__data_end, .)

.bss            0x0000000000800040        0x0
                [!provide]                        PROVIDE (__bss_start, .)
 *(COMMON)
                [!provide]                        PROVIDE (__bss_end, .)
                0x000000000000002a                __data_load_start = LOADADDR (.data)
                0x000000000000002a                __data_load_end = (__data_load_start + SIZEOF (.data))

.noinit         0x0000000000800040        0x0
                [!provide]                        PROVIDE (__noinit_start, .)
 *(.noinit*)
                [!provide]                        PROVIDE (__noinit_end, .)
                0x0000000000800040                _end = .

.lock
 *(.lock*)

.signature
 *(.signature*)

.config
 *(.fuse)
 *(.lfuse)
 *(.hfuse)
 *(.efuse)
 *(.config*)

.bootrow
 *(.bootrow*)

.stab
 *(.stab)

.stabstr
 *(.stabstr)

.stab.excl
 *(.stab.excl)

.stab.exclstr
 *(.stab.exclstr)

.stab.index
 *(.stab.index)

.stab.indexstr
 *(.stab.indexstr)

.comment        0x0000000000000000       0x5b
 *(.comment)
 .comment       0x0000000000000000       0x2f build/default/production/_ext/1472/main.o
                                         0x30 (size before relaxing)
 .comment       0x000000000000002f       0x2c c:/program files/microchip/xc8/v3.10/avr/bin/../lib/gcc/avr/5.4.0/../../../../avr/lib/avrtiny\libc.a(exit.o)
                                         0x2d (size before relaxing)
 .comment       0x000000000000005b       0x2d c:/program files/microchip/xc8/v3.10/avr/bin/../lib/gcc/avr/5.4.0/../../../../avr/lib/avrtiny\libc.a(_Exit.o)

.stack.descriptors.hdr
                0x0000000000000000       0x2a
 .stack.descriptors.hdr
                0x0000000000000000        0xe c:/program files/microchip/xc8/v3.10/avr/bin/../lib/gcc/avr/5.4.0/../../../../avr/lib/avrtiny\libc.a(exit.o)
 .stack.descriptors.hdr
                0x000000000000000e        0xe c:/program files/microchip/xc8/v3.10/avr/bin/../lib/gcc/avr/5.4.0/../../../../avr/lib/avrtiny\libc.a(_Exit.o)
 .stack.descriptors.hdr
                0x000000000000001c        0xe c:/program files/microchip/xc8/v3.10/avr/bin/../lib/gcc/avr/5.4.0/avrtiny\libgcc.a(_exit.o)

.note.GNU-stack
                0x0000000000000000        0x0
 .note.GNU-stack
                0x0000000000000000        0x0 c:/program files/microchip/xc8/v3.10/avr/bin/../lib/gcc/avr/5.4.0/../../../../avr/lib/avrtiny\libc.a(exit.o)
 .note.GNU-stack
                0x0000000000000000        0x0 c:/program files/microchip/xc8/v3.10/avr/bin/../lib/gcc/avr/5.4.0/../../../../avr/lib/avrtiny\libc.a(_Exit.o)

.note.gnu.build-id
 *(.note.gnu.build-id)

.debug
 *(.debug)

.line
 *(.line)

.debug_srcinfo
 *(.debug_srcinfo)

.debug_sfnames
 *(.debug_sfnames)

.debug_aranges  0x0000000000000000       0x20
 *(.debug_aranges)
 .debug_aranges
                0x0000000000000000       0x20 build/default/production/_ext/1472/main.o

.debug_pubnames
 *(.debug_pubnames)

.debug_info     0x0000000000000000      0x623
 *(.debug_info .gnu.linkonce.wi.*)
 .debug_info    0x0000000000000000      0x305 C:/Program Files/Microchip/MPLABX/v6.25/packs/Microchip/ATtiny_DFP/3.2.268/xc8/avr/lib/avrtiny/crtattiny5.o
 .debug_info    0x0000000000000305      0x31e build/default/production/_ext/1472/main.o

.debug_abbrev   0x0000000000000000      0x3a0
 *(.debug_abbrev)
 .debug_abbrev  0x0000000000000000      0x2d9 C:/Program Files/Microchip/MPLABX/v6.25/packs/Microchip/ATtiny_DFP/3.2.268/xc8/avr/lib/avrtiny/crtattiny5.o
 .debug_abbrev  0x00000000000002d9       0xc7 build/default/production/_ext/1472/main.o

.debug_line     0x0000000000000000      0x1c0
 *(.debug_line .debug_line.* .debug_line_end)
 .debug_line    0x0000000000000000       0xd9 C:/Program Files/Microchip/MPLABX/v6.25/packs/Microchip/ATtiny_DFP/3.2.268/xc8/avr/lib/avrtiny/crtattiny5.o
 .debug_line    0x00000000000000d9       0xe7 build/default/production/_ext/1472/main.o

.debug_frame    0x0000000000000000       0x24
 *(.debug_frame)
 .debug_frame   0x0000000000000000       0x24 build/default/production/_ext/1472/main.o

.debug_str      0x0000000000000000      0x115
 *(.debug_str)
 .debug_str     0x0000000000000000      0x115 C:/Program Files/Microchip/MPLABX/v6.25/packs/Microchip/ATtiny_DFP/3.2.268/xc8/avr/lib/avrtiny/crtattiny5.o
 .debug_str     0x0000000000000115        0x0 build/default/production/_ext/1472/main.o

.debug_loc
 *(.debug_loc)

.debug_macinfo
 *(.debug_macinfo)

.debug_weaknames
 *(.debug_weaknames)

.debug_funcnames
 *(.debug_funcnames)

.debug_typenames
 *(.debug_typenames)

.debug_varnames
 *(.debug_varnames)

.debug_pubtypes
 *(.debug_pubtypes)

.debug_ranges   0x0000000000000000       0x10
 *(.debug_ranges)
 .debug_ranges  0x0000000000000000       0x10 build/default/production/_ext/1472/main.o

.debug_macro
 *(.debug_macro)
OUTPUT(dist/default/production/ATTINY5_LED.X.production.elf elf32-avr)
LOAD linker stubs
LOAD data_init

.note.gnu.avr.deviceinfo
                0x0000000000000000       0x3c
 .note.gnu.avr.deviceinfo
                0x0000000000000000       0x3c C:/Program Files/Microchip/MPLABX/v6.25/packs/Microchip/ATtiny_DFP/3.2.268/xc8/avr/lib/avrtiny/crtattiny5.o

.text.main      0x000000000000002a       0x1a
 .text.main     0x000000000000002a       0x1a build/default/production/_ext/1472/main.o
                0x000000000000002a                main

.text.exit      0x0000000000000044       0x14
 .text.exit     0x0000000000000044       0x14 c:/program files/microchip/xc8/v3.10/avr/bin/../lib/gcc/avr/5.4.0/../../../../avr/lib/avrtiny\libc.a(exit.o)
                0x0000000000000044                exit

.text           0x0000000000000058        0x2
 .text          0x0000000000000058        0x2 C:/Program Files/Microchip/MPLABX/v6.25/packs/Microchip/ATtiny_DFP/3.2.268/xc8/avr/lib/avrtiny/crtattiny5.o
                0x0000000000000058                __vector_1
                0x0000000000000058                __bad_interrupt
                0x0000000000000058                __vector_6
                0x0000000000000058                __vector_3
                0x0000000000000058                __vector_7
                0x0000000000000058                __vector_5
                0x0000000000000058                __vector_4
                0x0000000000000058                __vector_9
                0x0000000000000058                __vector_2
                0x0000000000000058                __vector_8
                0x0000000000000058                __vector_10

.text.__dummy_fini
                0x000000000000005a        0x2
 .text.__dummy_fini
                0x000000000000005a        0x2 c:/program files/microchip/xc8/v3.10/avr/bin/../lib/gcc/avr/5.4.0/../../../../avr/lib/avrtiny\libc.a(exit.o)
                0x000000000000005a                _fini

.text.__dummy_funcs_on_exit
                0x000000000000005c        0x2
 .text.__dummy_funcs_on_exit
                0x000000000000005c        0x2 c:/program files/microchip/xc8/v3.10/avr/bin/../lib/gcc/avr/5.4.0/../../../../avr/lib/avrtiny\libc.a(exit.o)
                0x000000000000005c                __funcs_on_exit

.text.__dummy_simulator_exit
                0x000000000000005e        0x2
 .text.__dummy_simulator_exit
                0x000000000000005e        0x2 c:/program files/microchip/xc8/v3.10/avr/bin/../lib/gcc/avr/5.4.0/../../../../avr/lib/avrtiny\libc.a(exit.o)
                0x000000000000005e                __simulator_exit

.text._Exit     0x0000000000000060        0x2
 .text._Exit    0x0000000000000060        0x2 c:/program files/microchip/xc8/v3.10/avr/bin/../lib/gcc/avr/5.4.0/../../../../avr/lib/avrtiny\libc.a(_Exit.o)
                0x0000000000000060                _Exit
